[{"name":"The Objective Session","Artists":[{"name":"Artur Janusz Domowicz","role":"writer","imdbID":"","image":""}]}]