[{"name":"Ave Maria","Artists":[{"name":"Franz Schubert","role":"writer","imdbID":"nm0006280","image":""},{"name":"Alex Cheung","role":"performer","imdbID":"nm5276214","image":""},{"name":"Peter Allen","role":"performer","imdbID":"nm0020906","image":""}]},{"name":"No Shame","Artists":[{"name":"Thomas D'Arcy","role":"writer","imdbID":"nm9453505","image":""},{"name":"Kevin James Maher","role":"writer","imdbID":"nm3410591","image":""},{"name":"Bradley Moss","role":"writer","imdbID":"nm0608921","image":""},{"name":"David Ogilvie","role":"writer","imdbID":"nm0644693","image":""},{"name":"Chrystal Leigh","role":"writer","imdbID":"nm3622825","image":""},{"name":"Rob Sanzo","role":"writer","imdbID":"nm8313255","image":""},{"name":"Jakalope","role":"performer","imdbID":"nm10808057","image":""}]},{"name":"Bag Of Skin","Artists":[{"name":"Mazinaw","role":"performer","imdbID":"","image":""},{"name":"Mazinaw","role":"writer","imdbID":"","image":""}]},{"name":"Ave Maria","Artists":[{"name":"Johann Sebastian Bach","role":"writer","imdbID":"nm0001925","image":""},{"name":"Charles Gounod","role":"writer","imdbID":"nm0006111","image":""},{"name":"Peter Allen","role":"performer","imdbID":"nm0020906","image":""}]},{"name":"Puke Rawk","Artists":[{"name":"Fake Shark","role":"performer","imdbID":"nm6830613","image":""},{"name":"Fake Shark","role":"writer","imdbID":"nm6830613","image":""}]},{"name":"My Suicide","Artists":[{"name":"Taryn Murphy","role":"writer","imdbID":"nm4691379","image":""},{"name":"Ronald DiCicco","role":"writer","imdbID":"nm9920018","image":""},{"name":"Francesco De Santi","role":"writer","imdbID":"","image":""}]},{"name":"Love Life","Artists":[{"name":"Peter Allen","role":"writer","imdbID":"nm0020906","image":""},{"name":"Steve Hilliam","role":"performer","imdbID":"nm6349029","image":""},{"name":"Peter Allen","role":"performer","imdbID":"nm0020906","image":""}]},{"name":"Clean-X","Artists":[{"name":"Ben Kadey","role":"writer","imdbID":"","image":""},{"name":"Sick Logic","role":"performer","imdbID":"","image":""}]},{"name":"Loser","Artists":[{"name":"Kevin James Maher","role":"performer","imdbID":"nm3410591","image":""},{"name":"Kevin James Maher","role":"writer","imdbID":"nm3410591","image":""}]},{"name":"Godspeed","Artists":[{"name":"Stephen Wright","role":"performer","imdbID":"nm3711206","image":""},{"name":"Stephen Wright","role":"writer","imdbID":"nm3711206","image":""}]},{"name":"Insatiable","Artists":[{"name":"Steve Smith","role":"writer","imdbID":"nm4475842","image":""},{"name":"Anthony Anderson","role":"writer","imdbID":"nm4186484","image":""},{"name":"Dane DeViller","role":"writer","imdbID":"nm1004220","image":""},{"name":"Sean Hosein","role":"writer","imdbID":"nm0395918","image":""},{"name":"Adam H. Hurstfield","role":"writer","imdbID":"nm3727979","image":""}]},{"name":"Compatibility","Artists":[{"name":"David Steele","role":"writer","imdbID":"nm0824516","image":""},{"name":"Saffron Henderson","role":"writer","imdbID":"nm0376588","image":""},{"name":"Nathan Aswell","role":"writer","imdbID":"nm2159240","image":""}]},{"name":"Want Your Body","Artists":[{"name":"Kevin James Maher","role":"performer","imdbID":"nm3410591","image":""},{"name":"Kevin James Maher","role":"writer","imdbID":"nm3410591","image":""}]},{"name":"Maybe","Artists":[{"name":"Dane DeViller","role":"writer","imdbID":"nm1004220","image":""},{"name":"Sean Hosein","role":"writer","imdbID":"nm0395918","image":""},{"name":"Liz Rodrigues","role":"writer","imdbID":"nm3985471","image":""}]},{"name":"Crushed","Artists":[{"name":"Dane DeViller","role":"writer","imdbID":"nm1004220","image":""},{"name":"Sean Hosein","role":"writer","imdbID":"nm0395918","image":""},{"name":"Steve Smith","role":"writer","imdbID":"nm4475842","image":""},{"name":"Anthony Anderson","role":"writer","imdbID":"nm4186484","image":""},{"name":"Adam H. Hurstfield","role":"writer","imdbID":"nm3727979","image":""}]},{"name":"I Had To Say Yes","Artists":[{"name":"Janyse Jaud","role":"writer","imdbID":"nm0419403","image":""},{"name":"Neville Bowman","role":"writer","imdbID":"nm6213088","image":""}]},{"name":"Screecher","Artists":[{"name":"Katie Biever","role":"writer","imdbID":"","image":""},{"name":"Jamey Kohn","role":"writer","imdbID":"nm9131107","image":""},{"name":"David Ogilvie","role":"writer","imdbID":"nm0644693","image":""},{"name":"Anthony Valcic","role":"writer","imdbID":"nm2766966","image":""},{"name":"Jakalope","role":"performer","imdbID":"nm10808057","image":""}]},{"name":"Jewellery","Artists":[{"name":"Fake Shark","role":"performer","imdbID":"nm6830613","image":""},{"name":"Fake Shark","role":"writer","imdbID":"nm6830613","image":""}]},{"name":"SOS","Artists":[{"name":"Sean Hosein","role":"writer","imdbID":"nm0395918","image":""},{"name":"Dane DeViller","role":"writer","imdbID":"nm1004220","image":""},{"name":"Steve Kipner","role":"writer","imdbID":"nm0456021","image":""}]},{"name":"Loser Remix","Artists":[{"name":"Kevin James Maher","role":"performer","imdbID":"nm3410591","image":""},{"name":"Kevin James Maher","role":"writer","imdbID":"nm3410591","image":""}]},{"name":"Raging Bull","Artists":[{"name":"Yeghia Kibalian","role":"writer","imdbID":"","image":""},{"name":"Ava Kibalian","role":"writer","imdbID":"nm8216872","image":""}]},{"name":"Ave Maria","Artists":[{"name":"Johann Sebastian Bach","role":"writer","imdbID":"nm0001925","image":""},{"name":"Charles Gounod","role":"writer","imdbID":"nm0006111","image":""},{"name":"John Littlejohn","role":"performer","imdbID":"nm5277638","image":""},{"name":"Peter Allen","role":"performer","imdbID":"nm0020906","image":""}]},{"name":"Later","Artists":[{"name":"David Steele","role":"performer","imdbID":"nm0824516","image":""},{"name":"David Steele","role":"writer","imdbID":"nm0824516","image":""}]}]