[{"name":"Alley Cat","Artists":[{"name":"Bent Fabricius-Bjerre","role":"writer","imdbID":"nm0006065","image":""},{"name":"Bill Justis","role":"performer","imdbID":"nm0433217","image":""}]},{"name":"A Fifth of Beethoven (2019 Re-Record) (Retro Mix)","Artists":[{"name":"Walter Murphy","role":"performer","imdbID":"nm0614774","image":""},{"name":"Walter Murphy","role":"writer","imdbID":"nm0614774","image":""}]},{"name":"Lowdown","Artists":[{"name":"Boz Scaggs","role":"writer","imdbID":"nm0768693","image":""},{"name":"David Paich","role":"writer","imdbID":"nm0656673","image":""},{"name":"Boz Scaggs","role":"performer","imdbID":"nm0768693","image":""}]},{"name":"Só Danço Samba","Artists":[{"name":"Antonio Carlos Jobim","role":"writer","imdbID":"nm0423388","image":""},{"name":"Vinicius de Moraes","role":"writer","imdbID":"nm0210460","image":""},{"name":"Stan Getz","role":"performer","imdbID":"nm0315295","image":""},{"name":"Luiz Bonfá","role":"performer","imdbID":"nm0006697","image":""}]},{"name":"How Insensitive","Artists":[{"name":"Antonio Carlos Jobim","role":"writer","imdbID":"nm0423388","image":""},{"name":"Vinicius de Moraes","role":"writer","imdbID":"nm0210460","image":""},{"name":"Wes Montgomery","role":"performer","imdbID":"nm0599948","image":""}]},{"name":"The Theme from Route 66","Artists":[{"name":"Nelson Riddle","role":"writer","imdbID":"nm0725765","image":""},{"name":"Nelson Riddle","role":"performer","imdbID":"nm2126217","image":""}]},{"name":"Theme Music for 'The MacNeil/Lehrer Newshour'","Artists":[{"name":"Bernard Hoffer","role":"performer","imdbID":"nm0388758","image":""},{"name":"Bernard Hoffer","role":"writer","imdbID":"nm0388758","image":""}]},{"name":"Mairzy Doats","Artists":[{"name":"Al Hoffman","role":"writer","imdbID":"nm0388800","image":""},{"name":"Milton Drake","role":"writer","imdbID":"nm0236974","image":""},{"name":"Jerry Livingston","role":"writer","imdbID":"nm0515256","image":""},{"name":"Anthony Hopkins","role":"performer","imdbID":"nm0000164","image":""}]},{"name":"Fairytale in the Supermarket","Artists":[{"name":"Ana Da Silva","role":"writer","imdbID":"nm4811573","image":""},{"name":"Palmolive","role":"writer","imdbID":"nm1399057","image":""},{"name":"Gina Birch","role":"writer","imdbID":"nm1309426","image":""},{"name":"Victoria Marion Aspinall","role":"writer","imdbID":"","image":""},{"name":"The Raincoats","role":"performer","imdbID":"nm3163125","image":""}]},{"name":"Swan Lake, Op. 20, Act I: Waltz","Artists":[{"name":"Pyotr Ilyich Tchaikovsky","role":"writer","imdbID":"nm0006318","image":""},{"name":"Symphonieorchester des Bayerischen Rundfunks","role":"performer","imdbID":"nm2960142","image":""},{"name":"Hans Vonk","role":"performer","imdbID":"nm2192257","image":""}]},{"name":"Love Rollercoaster","Artists":[{"name":"Ralph Middlebrooks","role":"writer","imdbID":"nm2528516","image":""},{"name":"Clarence Satchell","role":"writer","imdbID":"nm3047301","image":""},{"name":"Willie Beck","role":"writer","imdbID":"nm3053524","image":""},{"name":"Leroy 'Sugarfoot' Bonner","role":"writer","imdbID":"nm1827742","image":""},{"name":"Marshall E. Jones","role":"writer","imdbID":"nm2530976","image":""},{"name":"Marvin Pierce","role":"writer","imdbID":"nm2512710","image":""},{"name":"James 'Diamond' Williams","role":"writer","imdbID":"nm1828279","image":""},{"name":"Ohio Players","role":"performer","imdbID":"nm0687015","image":""}]},{"name":"Justice Tonight/Kick It Over","Artists":[{"name":"Jackie Mittoo","role":"writer","imdbID":"nm2102940","image":""},{"name":"Willi Williams","role":"writer","imdbID":"nm9777796","image":""},{"name":"Coxsone Dodd","role":"writer","imdbID":"nm2474441","image":""},{"name":"The Clash","role":"performer","imdbID":"nm1502648","image":""}]},{"name":"Rapper's Delight","Artists":[{"name":"Bernard Edwards","role":"writer","imdbID":"nm0249821","image":""},{"name":"Nile Rodgers","role":"writer","imdbID":"nm0734755","image":""},{"name":"Sugarhill Gang","role":"performer","imdbID":"nm3062334","image":""}]},{"name":"Lover Come Back to Me!","Artists":[{"name":"Sigmund Romberg","role":"writer","imdbID":"nm0739146","image":""},{"name":"Oscar Hammerstein II","role":"writer","imdbID":"nm0358564","image":""},{"name":"Jackie Gleason","role":"performer","imdbID":"nm0001276","image":""}]},{"name":"Divertimento No. 17 in D Major, K. 334: III. Menuetto","Artists":[{"name":"Wolfgang Amadeus Mozart","role":"writer","imdbID":"nm0003665","image":""},{"name":"Camerata Salzburg","role":"performer","imdbID":"nm5184995","image":""},{"name":"Sandor Vegh","role":"performer","imdbID":"nm4129107","image":""}]},{"name":"Brandenburg Concerto No. 6 in B-Flat, Major BWV 1051: I. (Allegro)","Artists":[{"name":"Johann Sebastian Bach","role":"writer","imdbID":"nm0001925","image":""},{"name":"Liszt Ferenc Kamarazenekar","role":"performer","imdbID":"nm3623635","image":""},{"name":"János Rolla","role":"performer","imdbID":"nm1496758","image":""}]},{"name":"Armagideon Time","Artists":[{"name":"Jackie Mittoo","role":"writer","imdbID":"nm2102940","image":""},{"name":"Willi Williams","role":"writer","imdbID":"nm9777796","image":""},{"name":"Coxsone Dodd","role":"writer","imdbID":"nm2474441","image":""},{"name":"The Clash","role":"performer","imdbID":"nm1502648","image":""}]},{"name":"La Strada del Sole","Artists":[{"name":"Piero Umiliani","role":"performer","imdbID":"nm0006327","image":""},{"name":"Piero Umiliani","role":"writer","imdbID":"nm0006327","image":""}]}]