[{"name":"Marry Me (Kat \u0026 Bastian Duet)","Artists":[{"name":"Michael Pollack","role":"writer","imdbID":"nm10778776","image":""},{"name":"Nick Sarazen","role":"writer","imdbID":"nm11380863","image":""},{"name":"Livvi Franc","role":"writer","imdbID":"nm8899035","image":""},{"name":"Maluma","role":"writer","imdbID":"nm8349062","image":""},{"name":"Edgar Barrera","role":"writer","imdbID":"nm8636567","image":""},{"name":"Stefan Johnson","role":"writer","imdbID":"nm7832181","image":""},{"name":"Jordan Johnson","role":"writer","imdbID":"nm7832180","image":""},{"name":"German","role":"writer","imdbID":"nm12851695","image":""},{"name":"Monsters","role":"producer","imdbID":"","image":""},{"name":"Strangerz","role":"producer","imdbID":"","image":""},{"name":"Monsters \u0026 Strangerz","role":"producer","imdbID":"nm10450315","image":""},{"name":"Michael Pollack","role":"producer","imdbID":"nm10778776","image":""},{"name":"Nick Sarazen","role":"producer","imdbID":"nm11380863","image":""}]},{"name":"Satisfied","Artists":[{"name":"Henry Jonback","role":"writer","imdbID":"nm2606197","image":""},{"name":"Ammo","role":"writer","imdbID":"nm1309279","image":""},{"name":"Scott Harris","role":"writer","imdbID":"nm9085081","image":""},{"name":"Emily Warren","role":"writer","imdbID":"nm7701122","image":""},{"name":"Joe London","role":"writer","imdbID":"nm8990069","image":""},{"name":"Linus Eklöw","role":"writer","imdbID":"nm9039762","image":""},{"name":"Christian Karlsson","role":"writer","imdbID":"nm1788885","image":""},{"name":"Svidden","role":"writer","imdbID":"nm9177291","image":""},{"name":"Max Schneider","role":"writer","imdbID":"nm3449343","image":""},{"name":"Galantis","role":"performer","imdbID":"nm8978995","image":""},{"name":"Max Schneider","role":"performer","imdbID":"nm3449343","image":""}]},{"name":"Elevation","Artists":[{"name":"Jeffrey James Holstein","role":"writer","imdbID":"","image":""},{"name":"Jennifer Hanson","role":"writer","imdbID":"nm2241878","image":""},{"name":"Nick Brophy","role":"writer","imdbID":"nm2294168","image":""},{"name":"LÒNIS feat. Jeffrey James","role":"performer","imdbID":"","image":""}]},{"name":"Marry Me (Glee Club)","Artists":[{"name":"Michael Pollack","role":"writer","imdbID":"nm10778776","image":""},{"name":"Nick Sarazen","role":"writer","imdbID":"nm11380863","image":""},{"name":"Livvi Franc","role":"writer","imdbID":"nm8899035","image":""},{"name":"Maluma","role":"writer","imdbID":"nm8349062","image":""},{"name":"Edgar Barrera","role":"writer","imdbID":"nm8636567","image":""},{"name":"Highlands Voices","role":"performer","imdbID":"","image":""}]},{"name":"Pa Ti","Artists":[{"name":"Edgar Barrera","role":"writer","imdbID":"nm8636567","image":""},{"name":"Jon Leone","role":"writer","imdbID":"nm10610268","image":""},{"name":"Maluma","role":"writer","imdbID":"nm8349062","image":""},{"name":"Jennifer Lopez","role":"writer","imdbID":"nm0000182","image":""},{"name":"Elena Rose","role":"writer","imdbID":"nm4195779","image":""},{"name":"Jon Leone","role":"producer","imdbID":"nm10610268","image":""}]},{"name":"Swing","Artists":[{"name":"Gabriel Berenbaum","role":"writer","imdbID":"nm4780039","image":""},{"name":"Russell Pollack","role":"writer","imdbID":"nm10978724","image":""},{"name":"Gabriel Berenbaum","role":"performer","imdbID":"nm4780039","image":""},{"name":"Russell Pollack","role":"performer","imdbID":"nm10978724","image":""}]},{"name":"After Love (Acoustic)","Artists":[{"name":"Daniel Henig","role":"writer","imdbID":"","image":""},{"name":"Kyle Moorman","role":"writer","imdbID":"nm4189245","image":""},{"name":"Lisa Scinta","role":"writer","imdbID":"","image":""},{"name":"Mo Phazes","role":"producer","imdbID":"nm9978725","image":""}]},{"name":"Church","Artists":[{"name":"Jenna Andrews","role":"writer","imdbID":"nm10888974","image":""},{"name":"Bekah Boom","role":"writer","imdbID":"","image":""},{"name":"DanJa","role":"writer","imdbID":"nm2933200","image":""},{"name":"William Wiik Larsen","role":"writer","imdbID":"nm8969421","image":""},{"name":"Moses Sumney","role":"writer","imdbID":"nm6938015","image":""},{"name":"Elle Varner","role":"writer","imdbID":"nm5080571","image":""},{"name":"DanJa","role":"producer","imdbID":"nm2933200","image":""}]},{"name":"Act II: If Ever I Would Leave You","Artists":[{"name":"Alan Jay Lerner","role":"writer","imdbID":"nm0503585","image":""},{"name":"Frederick Loewe","role":"writer","imdbID":"nm0517350","image":""},{"name":"Robert Goulet","role":"performer","imdbID":"nm0332587","image":""}]},{"name":"1 en 1 Million","Artists":[{"name":"Edgar Barrera","role":"writer","imdbID":"nm8636567","image":""},{"name":"Vicente Barco","role":"writer","imdbID":"nm10521469","image":""},{"name":"Johany Alejandro Correa","role":"writer","imdbID":"","image":""},{"name":"Maluma","role":"writer","imdbID":"nm8349062","image":""},{"name":"Nyal","role":"producer","imdbID":"","image":""},{"name":"Edgar Barrera","role":"producer","imdbID":"nm8636567","image":""}]},{"name":"After Love","Artists":[{"name":"Daniel Henig","role":"writer","imdbID":"","image":""},{"name":"Kyle Moorman","role":"writer","imdbID":"nm4189245","image":""},{"name":"Lisa Scinta","role":"writer","imdbID":"","image":""},{"name":"Mo Phazes","role":"producer","imdbID":"nm9978725","image":""}]},{"name":"Marry Me (Ballad)","Artists":[{"name":"Michael Pollack","role":"writer","imdbID":"nm10778776","image":""},{"name":"Nick Sarazen","role":"writer","imdbID":"nm11380863","image":""},{"name":"Livvi Franc","role":"writer","imdbID":"nm8899035","image":""},{"name":"Maluma","role":"writer","imdbID":"nm8349062","image":""},{"name":"Edgar Barrera","role":"writer","imdbID":"nm8636567","image":""},{"name":"Kim Burse","role":"producer","imdbID":"nm2241323","image":""},{"name":"Kevin Teasley","role":"producer","imdbID":"nm1934723","image":""}]},{"name":"Angel Boy","Artists":[{"name":"William Bolton","role":"writer","imdbID":"","image":""},{"name":"William Carney","role":"writer","imdbID":"","image":""},{"name":"William Bolton","role":"performer","imdbID":"","image":""}]},{"name":"String Dancer","Artists":[{"name":"Andrew Dorfman","role":"writer","imdbID":"nm0233556","image":""},{"name":"Dorkestra","role":"performer","imdbID":"","image":""}]},{"name":"Segundo","Artists":[{"name":"Vicente Barco","role":"writer","imdbID":"nm10521469","image":""},{"name":"Edgar Barrera","role":"writer","imdbID":"nm8636567","image":""},{"name":"Tommy Brown","role":"writer","imdbID":"nm9870693","image":""},{"name":"Stephen Franks","role":"writer","imdbID":"","image":""},{"name":"Maluma","role":"writer","imdbID":"nm8349062","image":""},{"name":"Edgar Barrera","role":"producer","imdbID":"nm8636567","image":""},{"name":"Tommy Brown","role":"producer","imdbID":"nm9870693","image":""},{"name":"Stephen Franks","role":"producer","imdbID":"","image":""}]},{"name":"Perfect Combination","Artists":[{"name":"Alexi Von Guggenberg","role":"writer","imdbID":"nm10291762","image":""},{"name":"Leah Nobel","role":"writer","imdbID":"nm9911148","image":""},{"name":"Hael","role":"performer","imdbID":"","image":""}]},{"name":"Saucy Jack","Artists":[{"name":"Damon Bryson","role":"writer","imdbID":"nm3570261","image":""},{"name":"Kirk Douglas","role":"writer","imdbID":"nm3355709","image":""},{"name":"James 'Kamal' Gray","role":"writer","imdbID":"nm0336694","image":""},{"name":"Mark Kelley","role":"writer","imdbID":"nm4722724","image":""},{"name":"James Poyser","role":"writer","imdbID":"nm1437104","image":""},{"name":"Questlove","role":"writer","imdbID":"nm0859821","image":""},{"name":"Tariq Trotter","role":"writer","imdbID":"nm0873699","image":""},{"name":"Frank Walker","role":"writer","imdbID":"nm3355090","image":""},{"name":"The Roots","role":"performer","imdbID":"nm1437310","image":""}]},{"name":"Love of My Life","Artists":[{"name":"Ivy Adara","role":"writer","imdbID":"nm8525952","image":""},{"name":"DallasK","role":"writer","imdbID":"nm9341412","image":""},{"name":"Digital Farm Animals","role":"writer","imdbID":"nm9181393","image":""},{"name":"Ryan Ogren","role":"writer","imdbID":"nm5795560","image":""},{"name":"Theron Thomas","role":"writer","imdbID":"nm4694287","image":""},{"name":"Stefan Johnson","role":"writer","imdbID":"nm7832181","image":""},{"name":"Jordan Johnson","role":"writer","imdbID":"nm7832180","image":""},{"name":"German","role":"writer","imdbID":"nm12851695","image":""},{"name":"German","role":"producer","imdbID":"nm12851695","image":""},{"name":"Arkadi","role":"producer","imdbID":"","image":""},{"name":"Monsters","role":"producer","imdbID":"","image":""},{"name":"Strangerz","role":"producer","imdbID":"","image":""},{"name":"Monsters \u0026 Strangerz","role":"producer","imdbID":"nm10450315","image":""}]},{"name":"Just Got Paid","Artists":[{"name":"George Astasio","role":"writer","imdbID":"nm2197109","image":""},{"name":"Sigala","role":"writer","imdbID":"nm7823798","image":""},{"name":"French Montana","role":"writer","imdbID":"nm6141163","image":""},{"name":"Steve Manovski","role":"writer","imdbID":"nm10406494","image":""},{"name":"Ella Eyre","role":"writer","imdbID":"nm6587534","image":""},{"name":"Jason Pebworth","role":"writer","imdbID":"nm2195387","image":""},{"name":"Nile Rodgers","role":"writer","imdbID":"nm0734755","image":""},{"name":"Jon Shave","role":"writer","imdbID":"nm5959561","image":""},{"name":"Meghan Trainor","role":"writer","imdbID":"nm6574838","image":""},{"name":"Sigala","role":"performer","imdbID":"nm7823798","image":""},{"name":"Ella Eyre","role":"performer","imdbID":"nm6587534","image":""},{"name":"Meghan Trainor","role":"performer","imdbID":"nm6574838","image":""},{"name":"French Montana","role":"performer","imdbID":"nm6141163","image":""}]},{"name":"Talking in My Ear","Artists":[{"name":"Damon Bryson","role":"writer","imdbID":"nm3570261","image":""},{"name":"Kirk Douglas","role":"writer","imdbID":"nm3355709","image":""},{"name":"James 'Kamal' Gray","role":"writer","imdbID":"nm0336694","image":""},{"name":"David Guy","role":"writer","imdbID":"nm4762807","image":""},{"name":"Ian Hendrickson-Smith","role":"writer","imdbID":"nm6413577","image":""},{"name":"Mark Kelley","role":"writer","imdbID":"nm4722724","image":""},{"name":"James Poyser","role":"writer","imdbID":"nm1437104","image":""},{"name":"Questlove","role":"writer","imdbID":"nm0859821","image":""},{"name":"Tariq Trotter","role":"writer","imdbID":"nm0873699","image":""},{"name":"Frank Walker","role":"writer","imdbID":"nm3355090","image":""},{"name":"The Roots","role":"performer","imdbID":"nm1437310","image":""}]},{"name":"Marry Me (Kat Solo)","Artists":[{"name":"Michael Pollack","role":"writer","imdbID":"nm10778776","image":""},{"name":"Nick Sarazen","role":"writer","imdbID":"nm11380863","image":""},{"name":"Livvi Franc","role":"writer","imdbID":"nm8899035","image":""},{"name":"Stefan Johnson","role":"writer","imdbID":"nm7832181","image":""},{"name":"Jordan Johnson","role":"writer","imdbID":"nm7832180","image":""},{"name":"German","role":"writer","imdbID":"nm12851695","image":""},{"name":"Monsters","role":"producer","imdbID":"","image":""},{"name":"Strangerz","role":"producer","imdbID":"","image":""},{"name":"Monsters \u0026 Strangerz","role":"producer","imdbID":"nm10450315","image":""},{"name":"Michael Pollack","role":"producer","imdbID":"nm10778776","image":""},{"name":"Nick Sarazen","role":"producer","imdbID":"nm11380863","image":""}]},{"name":"On My Way","Artists":[{"name":"Ivy Adara","role":"writer","imdbID":"nm8525952","image":""},{"name":"Big Taste","role":"writer","imdbID":"nm11320003","image":""},{"name":"Michael Pollack","role":"writer","imdbID":"nm10778776","image":""},{"name":"Keith Hetrick","role":"producer","imdbID":"nm9485320","image":""}]},{"name":"Nobody's Watching","Artists":[{"name":"Ale Alberti","role":"writer","imdbID":"nm10624192","image":""},{"name":"Dalton Diehl","role":"writer","imdbID":"nm8807193","image":""},{"name":"Jeff Shum","role":"writer","imdbID":"nm3246833","image":""},{"name":"Dalton Diehl","role":"producer","imdbID":"nm8807193","image":""},{"name":"Jeff Shum","role":"producer","imdbID":"nm3246833","image":""}]},{"name":"Pa Ti (For You)","Artists":[{"name":"Edgar Barrera","role":"writer","imdbID":"nm8636567","image":""},{"name":"Jin Jin","role":"writer","imdbID":"nm9163091","image":""},{"name":"Nate Campany","role":"writer","imdbID":"nm3167087","image":""},{"name":"Jon Leone","role":"writer","imdbID":"nm10610268","image":""},{"name":"Maluma","role":"writer","imdbID":"nm8349062","image":""},{"name":"Jennifer Lopez","role":"writer","imdbID":"nm0000182","image":""},{"name":"Elena Rose","role":"writer","imdbID":"nm4195779","image":""},{"name":"Jon Leone","role":"producer","imdbID":"nm10610268","image":""}]}]