[{"name":"The Bad Touch","Artists":[{"name":"Jimmy Pop","role":"writer","imdbID":"nm0691024","image":""},{"name":"Bloodhound Gang","role":"performer","imdbID":"nm1164693","image":""}]},{"name":"Only You (And You Alone)","Artists":[{"name":"Ande Rand)","role":"writer","imdbID":"","image":""},{"name":"Buck Ram","role":"writer","imdbID":"nm0118410","image":""},{"name":"The Platters","role":"performer","imdbID":"nm1323963","image":""}]},{"name":"Sk8er Boi","Artists":[{"name":"Lauren Christy","role":"writer","imdbID":"nm0160707","image":""},{"name":"Graham Edwards","role":"writer","imdbID":"nm1597993","image":""},{"name":"Avril Lavigne","role":"writer","imdbID":"nm1245099","image":""},{"name":"Scott Spock","role":"writer","imdbID":"nm0819281","image":""},{"name":"Avril Lavigne","role":"performer","imdbID":"nm1245099","image":""}]},{"name":"Candy","Artists":[{"name":"Anthony Battaglia","role":"writer","imdbID":"nm0061283","image":""},{"name":"Dave Katz","role":"writer","imdbID":"nm4786761","image":""},{"name":"Jive Jones","role":"writer","imdbID":"nm1682774","image":""},{"name":"Denise Rich","role":"writer","imdbID":"nm1788163","image":""},{"name":"Mandy Moore","role":"performer","imdbID":"nm0601553","image":""}]},{"name":"She's So High","Artists":[{"name":"Tal Bachman","role":"performer","imdbID":"nm2415874","image":""},{"name":"Tal Bachman","role":"writer","imdbID":"nm2415874","image":""}]},{"name":"Hot in Herre","Artists":[{"name":"Chuck Brown","role":"writer","imdbID":"nm1928254","image":""},{"name":"Nelly","role":"writer","imdbID":"nm0625099","image":""},{"name":"Pharrell Williams","role":"writer","imdbID":"nm1214289","image":""},{"name":"Nelly","role":"performer","imdbID":"nm0625099","image":""}]},{"name":"Come On Over (All I Want Is You)","Artists":[{"name":"Johan Aberg","role":"writer","imdbID":"nm8932842","image":""},{"name":"Christina Aguilera","role":"writer","imdbID":"nm0004694","image":""},{"name":"Chaka Blackmon","role":"writer","imdbID":"nm6455043","image":""},{"name":"Ray Cham","role":"writer","imdbID":"nm11401288","image":""},{"name":"Eric Dawkins","role":"writer","imdbID":"nm2491742","image":""},{"name":"Ron Fair","role":"writer","imdbID":"nm0265426","image":""},{"name":"Shelly Peiken","role":"writer","imdbID":"nm1099304","image":""},{"name":"Paul Rein","role":"writer","imdbID":"nm12642300","image":""},{"name":"Guy Roche","role":"writer","imdbID":"nm1110691","image":""},{"name":"Christina Aguilera","role":"performer","imdbID":"nm0004694","image":""}]},{"name":"We Are the Bulldogs","Artists":[{"name":"Alana Da Fonseca","role":"writer","imdbID":"nm3005005","image":""},{"name":"Cast","role":"performer","imdbID":"","image":""}]},{"name":"Come Get a Hummer from Balbo","Artists":[{"name":"David Lucky","role":"writer","imdbID":"nm1893844","image":""},{"name":"Maude Maggart","role":"writer","imdbID":"nm3699431","image":""}]},{"name":"A Moment Like This","Artists":[{"name":"Jörgen Elofsson","role":"writer","imdbID":"nm1125809","image":""},{"name":"John Reid","role":"writer","imdbID":"nm0717307","image":""},{"name":"Kelly Clarkson","role":"performer","imdbID":"nm1225628","image":""}]},{"name":"Remember the Name","Artists":[{"name":"Mike Shinoda","role":"writer","imdbID":"nm1060557","image":""},{"name":"Ryu","role":"writer","imdbID":"nm9587241","image":""},{"name":"Takbir Bashir","role":"writer","imdbID":"nm0059799","image":""},{"name":"Fort Minor","role":"performer","imdbID":"nm9745221","image":""},{"name":"Styles of Beyond","role":"performer","imdbID":"nm3172080","image":""}]},{"name":"Falling","Artists":[{"name":"Joshua Radin","role":"performer","imdbID":"nm2516585","image":""},{"name":"Joshua Radin","role":"writer","imdbID":"nm2516585","image":""}]},{"name":"Girls Stars","Artists":[{"name":"Jok'a'Face","role":"writer","imdbID":"nm12496737","image":""}]},{"name":"Aeroplane","Artists":[{"name":"Drew Lerdal","role":"writer","imdbID":"nm3402203","image":""},{"name":"Bryan Shackle","role":"writer","imdbID":"nm7865043","image":""},{"name":"Casey Carlson","role":"performer","imdbID":"nm3333288","image":""}]},{"name":"Consent","Artists":[{"name":"Rebel Wilson","role":"writer","imdbID":"nm2313103","image":""},{"name":"Aakomon Jones","role":"writer","imdbID":"nm1858908","image":""},{"name":"Cast","role":"performer","imdbID":"","image":""}]},{"name":"U Drive Me Crazy ('The Stop Remix')","Artists":[{"name":"Jörgen Elofsson","role":"writer","imdbID":"nm1125809","image":""},{"name":"David Kreuger","role":"writer","imdbID":"nm5997203","image":""},{"name":"Per Magnusson","role":"writer","imdbID":"nm1594415","image":""},{"name":"Max Martin","role":"writer","imdbID":"nm1159684","image":""},{"name":"Britney Spears","role":"performer","imdbID":"nm0005453","image":""}]},{"name":"Fast (Motion)","Artists":[{"name":"Anthony Anderson","role":"writer","imdbID":"","image":""},{"name":"Amir Rashad","role":"writer","imdbID":"","image":""},{"name":"Liana Banks","role":"writer","imdbID":"nm6747344","image":""},{"name":"Andre Davidson","role":"writer","imdbID":"nm9783803","image":""},{"name":"Sean Davidson","role":"writer","imdbID":"nm5465141","image":""},{"name":"Saweetie","role":"writer","imdbID":"nm9933737","image":""},{"name":"P.J.","role":"writer","imdbID":"nm3726708","image":""},{"name":"Charles Kent Williams","role":"writer","imdbID":"","image":""},{"name":"Jesse St. John Geller","role":"writer","imdbID":"nm6453832","image":""},{"name":"Saweetie","role":"performer","imdbID":"nm9933737","image":""}]},{"name":"Strike It Up","Artists":[{"name":"Nelson Cruz","role":"writer","imdbID":"","image":""},{"name":"Oscar Pabon","role":"writer","imdbID":"","image":""},{"name":"Allan Speers","role":"writer","imdbID":"nm6028093","image":""},{"name":"Daniele Davoli","role":"writer","imdbID":"nm2534485","image":""},{"name":"Mirko Limoni","role":"writer","imdbID":"nm11363102","image":""},{"name":"Valerio Semplici","role":"writer","imdbID":"nm11363103","image":""},{"name":"Black Box","role":"performer","imdbID":"nm2539854","image":""}]},{"name":"Launch Scene","Artists":[{"name":"James Horner","role":"writer","imdbID":"nm0000035","image":""}]},{"name":"Summer Love","Artists":[{"name":"Jonathan Sharp","role":"writer","imdbID":"nm7740807","image":""}]},{"name":"Man! I Feel Like a Woman","Artists":[{"name":"Mutt Lange","role":"writer","imdbID":"nm0486172","image":""},{"name":"Shania Twain","role":"writer","imdbID":"nm0005510","image":""},{"name":"Shania Twain","role":"performer","imdbID":"nm0005510","image":""}]},{"name":"Supermodel (You Better Work)","Artists":[{"name":"RuPaul","role":"writer","imdbID":"nm0750412","image":""},{"name":"Jimmy Harry","role":"writer","imdbID":"nm0366050","image":""},{"name":"Larry Tee","role":"writer","imdbID":"nm2797153","image":""},{"name":"RuPaul","role":"performer","imdbID":"nm0750412","image":""}]},{"name":"Landing Scene","Artists":[{"name":"James Horner","role":"writer","imdbID":"nm0000035","image":""}]},{"name":"We Don't Stop","Artists":[{"name":"David Veith","role":"writer","imdbID":"","image":""}]},{"name":"The Power of Love","Artists":[{"name":"Jennifer Rush","role":"writer","imdbID":"nm0750673","image":""},{"name":"Gunther Mende","role":"writer","imdbID":"nm2281878","image":""},{"name":"Wolfgang Detmann","role":"writer","imdbID":"nm2283380","image":""},{"name":"Mary Susan Applegate","role":"writer","imdbID":"nm2293710","image":""},{"name":"Jennifer Rush","role":"performer","imdbID":"nm0750673","image":""}]},{"name":"Body Rock","Artists":[{"name":"Simone Grancagnolo","role":"writer","imdbID":"","image":""},{"name":"Regulus Red","role":"performer","imdbID":"","image":""}]},{"name":"Satisfy My Love","Artists":[{"name":"Anne Baerbel Pfeiffer","role":"writer","imdbID":"","image":""},{"name":"Charalambos Karanikolis","role":"writer","imdbID":"nm12118944","image":""},{"name":"Nicholas Pesci","role":"performer","imdbID":"","image":""}]},{"name":"Bossed Up","Artists":[{"name":"Kc Carter","role":"writer","imdbID":"nm8332829","image":""}]},{"name":"Winter","Artists":[{"name":"Joshua Radin","role":"performer","imdbID":"nm2516585","image":""},{"name":"Joshua Radin","role":"writer","imdbID":"nm2516585","image":""}]},{"name":"Ridin' the Wave","Artists":[{"name":"Daniel Kenneth Solovitz","role":"writer","imdbID":"","image":""},{"name":"Michaela Penn","role":"writer","imdbID":"","image":""},{"name":"DeMarvelous Louis Carter","role":"writer","imdbID":"","image":""},{"name":"Chris B. Harris","role":"writer","imdbID":"nm11815417","image":""}]},{"name":"Drive","Artists":[{"name":"Leslie Hayes McCann","role":"performer","imdbID":"","image":""},{"name":"Leslie Hayes McCann","role":"writer","imdbID":"","image":""}]},{"name":"C'est La Vie","Artists":[{"name":"Tracy Ackerman","role":"writer","imdbID":"nm1125063","image":""},{"name":"Lindsay Armaou","role":"writer","imdbID":"nm0035328","image":""},{"name":"Martin Brannigan","role":"writer","imdbID":"nm1125394","image":""},{"name":"Ray Hedges","role":"writer","imdbID":"nm1108226","image":""},{"name":"Edele Lynch","role":"writer","imdbID":"nm0528282","image":""},{"name":"Keavy Lynch","role":"writer","imdbID":"nm0528370","image":""},{"name":"Sinéad O'Carroll","role":"writer","imdbID":"nm0640167","image":""},{"name":"B*Witched","role":"performer","imdbID":"nm1363005","image":""}]},{"name":"Grow as We Go","Artists":[{"name":"Ben Abraham","role":"writer","imdbID":"nm7295256","image":""},{"name":"Alex Hope","role":"writer","imdbID":"nm9732914","image":""},{"name":"Ben Platt","role":"writer","imdbID":"nm4805317","image":""},{"name":"Ben Platt","role":"performer","imdbID":"nm4805317","image":""}]},{"name":"So Strong","Artists":[{"name":"Olivier Bibeau","role":"writer","imdbID":"nm5703378","image":""}]},{"name":"Outta Patience","Artists":[{"name":"Darren Drew","role":"writer","imdbID":"nm2383428","image":""},{"name":"Elizabeth Anne Fohl","role":"writer","imdbID":"","image":""},{"name":"Brian Reidinger","role":"writer","imdbID":"nm2387139","image":""},{"name":"David Riff","role":"writer","imdbID":"nm9411474","image":""}]}]