[{"name":"The Objective Session","Artists":[{"name":"Artur Janusz Domowicz","role":"writer","imdbID":"","image":""}]},{"name":"Happiness","Artists":[{"name":"DeAndre 'Bigbaaby' Johnson","role":"producer","imdbID":"","image":""}]},{"name":"Light It Up [Remix]","Artists":[{"name":"Nyla","role":"writer","imdbID":"nm9262883","image":""},{"name":"Jr. Blender","role":"writer","imdbID":"nm9217931","image":""},{"name":"Diplo","role":"writer","imdbID":"nm3276191","image":""},{"name":"T-Baby","role":"writer","imdbID":"nm9262886","image":""},{"name":"Sidney Swift","role":"writer","imdbID":"nm9262884","image":""},{"name":"David Malcolm","role":"writer","imdbID":"nm9262885","image":""},{"name":"Fuse ODG","role":"writer","imdbID":"nm6298316","image":""},{"name":"Major Lazer","role":"performer","imdbID":"nm4555778","image":""},{"name":"Nyla","role":"performer","imdbID":"nm9262883","image":""},{"name":"Fuse ODG","role":"performer","imdbID":"nm6298316","image":""}]},{"name":"Funeral Music: March, Z. 860","Artists":[{"name":"Henry Purcell","role":"composer","imdbID":"nm0700722","image":""},{"name":"The Sixteen","role":"performer","imdbID":"nm3125628","image":""},{"name":"Harry Christophers","role":"performer","imdbID":"nm1849856","image":""}]},{"name":"Overture 'Leonore No. 2', Op. 72A","Artists":[{"name":"Gewandhausorchester Leipzig","role":"performer","imdbID":"nm2724941","image":""},{"name":"Kurt Masur","role":"performer","imdbID":"nm0557955","image":""},{"name":"The Academy of St. Martin-in-the-Fields","role":"performer","imdbID":"nm1875590","image":""},{"name":"Neville Marriner","role":"performer","imdbID":"nm0550165","image":""},{"name":"Ludwig van Beethoven","role":"composer","imdbID":"nm0002727","image":""}]}]