[{"name":"Temptation Rag","Artists":[{"name":"Henry Lodge","role":"writer","imdbID":"","image":""},{"name":"Claude Bolling","role":"performer","imdbID":"nm0005969","image":""}]},{"name":"Here Comes The King","Artists":[{"name":"Steve Karmen","role":"writer","imdbID":"nm0439766","image":""}]},{"name":"Murray's Theme","Artists":[{"name":"Judson Crane","role":"writer","imdbID":"nm3325687","image":""},{"name":"Mark S. Hollingsworth","role":"writer","imdbID":"nm6317394","image":""},{"name":"Stewart Lerman","role":"producer","imdbID":"nm1907618","image":""}]},{"name":"Hello News","Artists":[{"name":"Frank Gari","role":"writer","imdbID":"nm0307387","image":""}]},{"name":"Rooftop","Artists":[{"name":"Hildur Guðnadóttir","role":"performer","imdbID":"nm3723390","image":""},{"name":"Jóhann Jóhannsson","role":"performer","imdbID":"nm0433580","image":""},{"name":"Hildur Guðnadóttir","role":"writer","imdbID":"nm3723390","image":""},{"name":"Jóhann Jóhannsson","role":"writer","imdbID":"nm0433580","image":""}]},{"name":"Everybody Plays The Fool","Artists":[{"name":"Ralph Bailey","role":"writer","imdbID":"","image":""},{"name":"Rudy Clark","role":"writer","imdbID":"nm0164461","image":""},{"name":"Ken Williams","role":"writer","imdbID":"nm0931050","image":""},{"name":"The Main Ingredient","role":"performer","imdbID":"nm3165965","image":""}]},{"name":"The Moon Is A Silver Dollar","Artists":[{"name":"Sammy Fain","role":"writer","imdbID":"nm0006066","image":""},{"name":"Mitchell Parish","role":"writer","imdbID":"nm0661695","image":""},{"name":"Lawrence Welk","role":"performer","imdbID":"nm1688438","image":""}]},{"name":"Slap That Bass","Artists":[{"name":"George Gershwin","role":"writer","imdbID":"nm0006097","image":""},{"name":"Ira Gershwin","role":"writer","imdbID":"nm0314857","image":""},{"name":"and The RKO Radio Studio Chorus","role":"performer","imdbID":"","image":""},{"name":"Fred Astaire","role":"performer","imdbID":"nm0000001","image":""}]},{"name":"If You're Happy And You Know It","Artists":[{"name":"Joe Raposo","role":"writer","imdbID":"nm0710809","image":""},{"name":"Chaim Tannenbaum","role":"performer","imdbID":"nm6139962","image":""},{"name":"Stewart Lerman","role":"producer","imdbID":"nm1907618","image":""}]},{"name":"Send In The Clowns","Artists":[{"name":"Stephen Sondheim","role":"writer","imdbID":"nm0814227","image":""}]},{"name":"My Name Is Carnival","Artists":[{"name":"Jackson C. Frank","role":"performer","imdbID":"nm1385054","image":""},{"name":"Jackson C. Frank","role":"writer","imdbID":"nm1385054","image":""}]},{"name":"Smile","Artists":[{"name":"Charles Chaplin","role":"composer","imdbID":"nm0000122","image":""},{"name":"Geoffrey Parsons","role":"writer","imdbID":"nm0663824","image":""},{"name":"John Turner","role":"writer","imdbID":"nm4423452","image":""},{"name":"Jimmy Durante","role":"performer","imdbID":"nm0002051","image":""}]},{"name":"That's Life","Artists":[{"name":"Dean Kay","role":"writer","imdbID":"nm1216894","image":""},{"name":"Kelly Gordon","role":"writer","imdbID":"nm0330364","image":""}]},{"name":"Murray's Late Night","Artists":[{"name":"Bill O'Connell","role":"writer","imdbID":"","image":""},{"name":"Stewart Lerman","role":"producer","imdbID":"nm1907618","image":""}]},{"name":"Toy Dept. (Toy Waltz)","Artists":[{"name":"Charles Chaplin","role":"writer","imdbID":"nm0000122","image":""},{"name":"Sinfonieorchester des Norddeutschen Rundfunks","role":"performer","imdbID":"nm9421041","image":""}]},{"name":"Bedding Dept.","Artists":[{"name":"Charles Chaplin","role":"writer","imdbID":"nm0000122","image":""},{"name":"Sinfonieorchester des Norddeutschen Rundfunks","role":"performer","imdbID":"nm9421041","image":""}]},{"name":"Descends In Lift","Artists":[{"name":"Charles Chaplin","role":"writer","imdbID":"nm0000122","image":""},{"name":"Sinfonieorchester des Norddeutschen Rundfunks","role":"performer","imdbID":"nm9421041","image":""}]},{"name":"In Basement","Artists":[{"name":"Charles Chaplin","role":"writer","imdbID":"nm0000122","image":""},{"name":"Sinfonieorchester des Norddeutschen Rundfunks","role":"performer","imdbID":"nm9421041","image":""}]},{"name":"Joins Girl In Bedding Dept.","Artists":[{"name":"Charles Chaplin","role":"writer","imdbID":"nm0000122","image":""},{"name":"Sinfonieorchester des Norddeutschen Rundfunks","role":"performer","imdbID":"nm9421041","image":""}]},{"name":"Charlie Meets Burglars","Artists":[{"name":"Charles Chaplin","role":"writer","imdbID":"nm0000122","image":""},{"name":"Sinfonieorchester des Norddeutschen Rundfunks","role":"performer","imdbID":"nm9421041","image":""}]},{"name":"Bottle Bursts","Artists":[{"name":"Charles Chaplin","role":"writer","imdbID":"nm0000122","image":""},{"name":"Sinfonieorchester des Norddeutschen Rundfunks","role":"performer","imdbID":"nm9421041","image":""}]},{"name":"That's Life","Artists":[{"name":"Dean Kay","role":"writer","imdbID":"nm1216894","image":""},{"name":"Kelly Gordon","role":"writer","imdbID":"nm0330364","image":""},{"name":"Frank Sinatra","role":"performer","imdbID":"nm0000069","image":""}]},{"name":"Rock 'n' Roll (Part 2)","Artists":[{"name":"Gary Glitter","role":"writer","imdbID":"nm0322921","image":""},{"name":"Mike Leander","role":"writer","imdbID":"nm0495132","image":""},{"name":"Gary Glitter","role":"performer","imdbID":"nm0322921","image":""}]},{"name":"Love Theme","Artists":[{"name":"Charles Chaplin","role":"writer","imdbID":"nm0000122","image":""},{"name":"Sinfonieorchester des Norddeutschen Rundfunks","role":"performer","imdbID":"nm9421041","image":""}]},{"name":"Spanish Flea","Artists":[{"name":"Julius Wechter","role":"writer","imdbID":"nm0917069","image":""},{"name":"Cissy Wechter","role":"writer","imdbID":"nm0917065","image":""},{"name":"Ray Davies","role":"performer","imdbID":"nm0203919","image":""}]},{"name":"White Room","Artists":[{"name":"Jack Bruce","role":"writer","imdbID":"nm0115499","image":""},{"name":"Pete Brown","role":"writer","imdbID":"nm0114421","image":""},{"name":"Cream","role":"performer","imdbID":"nm2128881","image":""}]},{"name":"Send In The Clowns","Artists":[{"name":"Stephen Sondheim","role":"writer","imdbID":"nm0814227","image":""},{"name":"Frank Sinatra","role":"performer","imdbID":"nm0000069","image":""}]}]