[{"name":"Alley Cat","Artists":[{"name":"bent fabricius-bjerre","role":"writer","imdbID":"","image":""},{"name":"bill justis","role":"performer","imdbID":"","image":""}]},{"name":"\"The Hustle:","Artists":[{"name":"van mccoy","role":"writer","imdbID":"","image":""},{"name":"van mccoy and the soul city symphony","role":"performer","imdbID":"","image":""}]},{"name":"Lowdown","Artists":[{"name":"david paich and boz scaggs","role":"writer","imdbID":"","image":""},{"name":"boz scagges","role":"performer","imdbID":"","image":""}]},{"name":"só danço samba","Artists":[{"name":"antonio carlos brasileiro de almeida jobim","role":"writer","imdbID":"","image":""},{"name":"marcus vinicius da cruz de mello moraes","role":"writer","imdbID":"","image":""},{"name":"Stan Getz","role":"performer","imdbID":"","image":""}]},{"name":"how insensitive","Artists":[{"name":"antonio carlos brasileiro de almeida jobim","role":"writer","imdbID":"","image":""},{"name":"marcus vinicius da cruz de mello moraes","role":"writer","imdbID":"","image":""},{"name":"Wes Montgomery","role":"performer","imdbID":"","image":""}]},{"name":"the theme from route 66","Artists":[{"name":"nelson riddle","role":"writer","imdbID":"","image":""},{"name":"nelson riddle","role":"performer","imdbID":"","image":""}]},{"name":"fairytale in the supermarket","Artists":[{"name":"ana paula de lima pita da silva","role":"writer","imdbID":"","image":""},{"name":"paloma romero blanco","role":"writer","imdbID":"","image":""},{"name":"georgina mary birch","role":"writer","imdbID":"","image":""},{"name":"victoria marion aspinall","role":"writer","imdbID":"","image":""},{"name":"The Raincoats","role":"performer","imdbID":"","image":""}]},{"name":"swan lake, op. 20, act I: waltz","Artists":[{"name":"pyotr ilyich tchaikovsky","role":"writer","imdbID":"","image":""},{"name":"symphonieorchester des bayerischen rundfunks","role":"performer","imdbID":"","image":""}]},{"name":"miroirs, m. 43: no. 3, une barque sur l'océan (version for orchestra)","Artists":[{"name":"maurice ravel","role":"writer","imdbID":"","image":""},{"name":"orchestre national de lyon","role":"performer","imdbID":"","image":""},{"name":"leonard slatkin","role":"performer","imdbID":"","image":""}]},{"name":"Justice Tonight/Kick It Over","Artists":[{"name":"donat roy jackie mittoo","role":"writer","imdbID":"","image":""},{"name":"the clash","role":"performer","imdbID":"","image":""}]},{"name":"love rollercoaster","Artists":[{"name":"ralph middlebrooks","role":"writer","imdbID":"","image":""},{"name":"clarence satchell","role":"writer","imdbID":"","image":""},{"name":"ohio players","role":"performer","imdbID":"","image":""}]},{"name":"lover come back to me!","Artists":[{"name":"sigmund romberg and oscar hammerstein II","role":"writer","imdbID":"","image":""},{"name":"jackie gleason","role":"performer","imdbID":"","image":""}]},{"name":"brandenburg concerto no. 6 in B-flat, major BWV 1051: I. (allegro)","Artists":[{"name":"johann sebastian bach","role":"writer","imdbID":"","image":""},{"name":"janos rolla","role":"performer","imdbID":"","image":""}]},{"name":"Armagideon Time","Artists":[{"name":"donat roy jackie mittoo","role":"writer","imdbID":"","image":""},{"name":"wilbert keith williams","role":"writer","imdbID":"","image":""},{"name":"the clash","role":"performer","imdbID":"","image":""}]},{"name":"La strada del sole","Artists":[{"name":"Piero Umiliani","role":"performer","imdbID":"","image":""},{"name":"Piero Umiliani","role":"writer","imdbID":"","image":""}]}]