[{"name":"Two Thirds of a Piece","Artists":[{"name":"Georgina Anderson","role":"performer","imdbID":"nm9131834","image":""},{"name":"Georgina Anderson","role":"writer","imdbID":"nm9131834","image":""},{"name":"Georgina Anderson","role":"composer","imdbID":"nm9131834","image":""}]},{"name":"Kiss Me Goodbye","Artists":[{"name":"Little Red","role":"performer","imdbID":"","image":""},{"name":"Bethany Compson-Bradford","role":"writer","imdbID":"nm4885467","image":""},{"name":"Bethany Compson-Bradford","role":"composer","imdbID":"nm4885467","image":""}]},{"name":"Falling","Artists":[{"name":"Nick Parker","role":"performer","imdbID":"nm6741672","image":""},{"name":"Nick Parker","role":"writer","imdbID":"nm6741672","image":""},{"name":"Nick Parker","role":"composer","imdbID":"nm6741672","image":""}]},{"name":"Siren","Artists":[{"name":"Nick Parker","role":"performer","imdbID":"nm6741672","image":""},{"name":"Nick Parker","role":"writer","imdbID":"nm6741672","image":""}]},{"name":"Alive","Artists":[{"name":"Shields","role":"performer","imdbID":"nm8145806","image":""}]},{"name":"I Don't Know What You Want","Artists":[{"name":"Shields","role":"performer","imdbID":"nm8145806","image":""}]},{"name":"Clearing","Artists":[{"name":"Dextro","role":"performer","imdbID":"nm9131835","image":""},{"name":"Dextro","role":"composer","imdbID":"nm9131835","image":""}]},{"name":"Occupy","Artists":[{"name":"Dextro","role":"performer","imdbID":"nm9131835","image":""},{"name":"Dextro","role":"composer","imdbID":"nm9131835","image":""}]},{"name":"Like the Moon Landing Fake","Artists":[{"name":"Tracy Chow","role":"performer","imdbID":"","image":""},{"name":"Tracy Horenbein","role":"writer","imdbID":"nm8351985","image":""},{"name":"Tracy Horenbein","role":"composer","imdbID":"nm8351985","image":""}]},{"name":"Lift Off","Artists":[{"name":"Tracy Chow","role":"performer","imdbID":"","image":""},{"name":"Tracy Horenbein","role":"composer","imdbID":"nm8351985","image":""}]},{"name":"Since I Don't Have You","Artists":[{"name":"NTT ft. Claire Louise","role":"performer","imdbID":"","image":""},{"name":"The Skyliners","role":"performer","imdbID":"nm2321513","image":""},{"name":"Jack Taylor","role":"writer","imdbID":"nm7347407","image":""},{"name":"Jimmy Beaumont","role":"writer","imdbID":"nm3485641","image":""},{"name":"Janet Vogel","role":"writer","imdbID":"nm7347405","image":""},{"name":"Joe Verscharen","role":"writer","imdbID":"nm7347408","image":""},{"name":"Lennie Martin","role":"writer","imdbID":"","image":""},{"name":"Wally Lester","role":"writer","imdbID":"nm7347406","image":""},{"name":"Jack Taylor","role":"composer","imdbID":"nm7347407","image":""},{"name":"Jimmy Beaumont","role":"composer","imdbID":"nm3485641","image":""},{"name":"Janet Vogel","role":"composer","imdbID":"nm7347405","image":""},{"name":"Joe Verscharen","role":"composer","imdbID":"nm7347408","image":""},{"name":"Lennie Martin","role":"composer","imdbID":"","image":""},{"name":"Wally Lester","role":"composer","imdbID":"nm7347406","image":""}]}]